➜  CA git:(main) ✗ lscpu
Architecture:             x86_64
  CPU op-mode(s):         32-bit, 64-bit
  Address sizes:          48 bits physical, 48 bits virtual
  Byte Order:             Little Endian
CPU(s):                   24
  On-line CPU(s) list:    0-23
Vendor ID:                AuthenticAMD
  Model name:             AMD Ryzen AI 9 HX 370 w/ Radeon 890M
    CPU family:           26
    Model:                36
    Thread(s) per core:   2
    Core(s) per socket:   12
    Socket(s):            1
    Stepping:             0
    BogoMIPS:             3992.42
    Flags:                fpu vme de pse tsc msr pae mce cx8 apic sep mtrr pge mca cmov pat pse36 clflush mmx fxsr sse s
                          se2 ht syscall nx mmxext fxsr_opt pdpe1gb rdtscp lm constant_tsc rep_good nopl tsc_reliable no
                          nstop_tsc cpuid extd_apicid tsc_known_freq pni pclmulqdq ssse3 fma cx16 sse4_1 sse4_2 movbe po
                          pcnt aes xsave avx f16c rdrand hypervisor lahf_lm cmp_legacy svm cr8_legacy abm sse4a misalign
                          sse 3dnowprefetch osvw topoext perfctr_core ssbd ibrs ibpb stibp vmmcall fsgsbase bmi1 avx2 sm
                          ep bmi2 erms invpcid avx512f avx512dq rdseed adx smap avx512ifma clflushopt clwb avx512cd sha_
                          ni avx512bw avx512vl xsaveopt xsavec xgetbv1 xsaves avx_vnni avx512_bf16 clzero xsaveerptr ara
                          t npt nrip_save tsc_scale vmcb_clean flushbyasid decodeassists pausefilter pfthreshold v_vmsav
                          e_vmload avx512vbmi umip avx512_vbmi2 gfni vaes vpclmulqdq avx512_vnni avx512_bitalg avx512_vp
                          opcntdq rdpid fsrm avx512_vp2intersect
Virtualization features:
  Virtualization:         AMD-V
  Hypervisor vendor:      Microsoft
  Virtualization type:    full
Caches (sum of all):
  L1d:                    576 KiB (12 instances)
  L1i:                    384 KiB (12 instances)
  L2:                     12 MiB (12 instances)
  L3:                     16 MiB (1 instance)
NUMA:
  NUMA node(s):           1
  NUMA node0 CPU(s):      0-23
Vulnerabilities:
  Gather data sampling:   Not affected
  Itlb multihit:          Not affected
  L1tf:                   Not affected
  Mds:                    Not affected
  Meltdown:               Not affected
  Mmio stale data:        Not affected
  Reg file data sampling: Not affected
  Retbleed:               Not affected
  Spec rstack overflow:   Not affected
  Spec store bypass:      Mitigation; Speculative Store Bypass disabled via prctl
  Spectre v1:             Mitigation; usercopy/swapgs barriers and __user pointer sanitization
  Spectre v2:             Mitigation; Retpolines; IBPB conditional; IBRS_FW; STIBP always-on; RSB filling; PBRSB-eIBRS N
                          ot affected; BHI Not affected
  Srbds:                  Not affected
  Tsx async abort:        Not affected

➜  CA git:(main) ✗ lscpu --cache
NAME ONE-SIZE ALL-SIZE WAYS TYPE        LEVEL  SETS PHY-LINE COHERENCY-SIZE
L1d       48K     576K   12 Data            1    64        1             64
L1i       32K     384K    8 Instruction     1    64        1             64
L2         1M      12M   16 Unified         2  1024        1             64
L3        16M      16M   16 Unified         3 16384        1             64